192.168.1.1 - - [22/Apr/2025:10:10:10 +0000] "GET /css/style.css HTTP/1.1" 200 - "http://phishing.com/page.html" "Mozilla/5.0"
127.0.0.1 - - [23/Apr/2025:21:20:45 +0000] "POST /login HTTP/1.1" 200 -
127.0.0.1 - - [24/Apr/2025:12:34:56 +0000] "POST /login HTTP/1.1" 200 -
127.0.0.1 - - [15/May/2025:12:42:41] "POST /login HTTP/1.1" 200 - Username=hema@example.com Password=6789
127.0.0.1 - - [15/May/2025:12:45:48] "POST /login HTTP/1.1" 200 - Username=hema@example.com Password=6789
